[0m03:41:49.878041 [debug] [MainThread]: Sending event: {'category': 'dbt', 'action': 'invocation', 'label': 'start', 'context': [<snowplow_tracker.self_describing_json.SelfDescribingJson object at 0x000001B4C4C46110>, <snowplow_tracker.self_describing_json.SelfDescribingJson object at 0x000001B4C3A1AF50>, <snowplow_tracker.self_describing_json.SelfDescribingJson object at 0x000001B4C4CC99D0>]}


============================== 03:41:49.893270 | c451cf0e-4534-4b0d-a8e3-1ece24569667 ==============================
[0m03:41:49.893270 [info ] [MainThread]: Running with dbt=1.12.0-b1
[0m03:41:49.894274 [debug] [MainThread]: running dbt with arguments {'version_check': 'True', 'no_print': 'None', 'static_parser': 'True', 'warn_error_options': 'WarnErrorOptionsV2(error=[], warn=[], silence=[])', 'target_path': 'None', 'printer_width': '80', 'write_json': 'True', 'empty': 'None', 'log_cache_events': 'False', 'introspect': 'True', 'cache_selected_only': 'False', 'fail_fast': 'False', 'debug': 'False', 'log_format': 'default', 'partial_parse': 'True', 'send_anonymous_usage_stats': 'True', 'quiet': 'False', 'warn_error': 'None', 'profiles_dir': 'C:\\Users\\HP\\.dbt', 'indirect_selection': 'eager', 'use_colors': 'True', 'invocation_command': 'dbt init medical_warehouse', 'use_experimental_parser': 'False', 'log_path': 'logs'}
[0m03:41:50.090260 [info ] [MainThread]: Creating dbt configuration folder at C:\Users\HP\.dbt
[0m03:41:50.098091 [debug] [MainThread]: Starter project path: C:\Users\HP\Documents\AI For Medicine\dbt-env\Lib\site-packages\dbt\include\starter_project
[0m03:41:50.121345 [info ] [MainThread]: Setting up your profile.
[0m03:43:33.819597 [info ] [MainThread]: Profile medical_warehouse written to C:\Users\HP\.dbt\profiles.yml using target's profile_template.yml and your supplied values.
[0m03:43:33.848954 [info ] [MainThread]: Running dbt debug to validate the project...
[0m03:43:33.849461 [info ] [MainThread]: dbt version: 1.12.0-b1
[0m03:43:33.850467 [info ] [MainThread]: python version: 3.11.5
[0m03:43:33.850467 [info ] [MainThread]: python path: C:\Users\HP\Documents\AI For Medicine\dbt-env\Scripts\python.exe
[0m03:43:33.851467 [info ] [MainThread]: os info: Windows-10-10.0.26200-SP0
[0m03:43:33.869536 [info ] [MainThread]: Using profiles dir at C:\Users\HP\.dbt
[0m03:43:33.869536 [info ] [MainThread]: Using profiles.yml file at C:\Users\HP\.dbt\profiles.yml
[0m03:43:33.869536 [info ] [MainThread]: Using dbt_project.yml file at C:\Users\HP\Documents\AI For Medicine\medical_warehouse\dbt_project.yml
[0m03:43:33.869536 [info ] [MainThread]: adapter type: postgres
[0m03:43:33.879665 [info ] [MainThread]: adapter version: 1.10.0
[0m03:43:33.974237 [info ] [MainThread]: Configuration:
[0m03:43:33.978762 [info ] [MainThread]:   profiles.yml file [[32mOK found and valid[0m]
[0m03:43:33.978762 [info ] [MainThread]:   dbt_project.yml file [[32mOK found and valid[0m]
[0m03:43:33.979769 [info ] [MainThread]: Required dependencies:
[0m03:43:33.980776 [debug] [MainThread]: Executing "git --help"
[0m03:43:34.041731 [debug] [MainThread]: STDOUT: "b"usage: git [-v | --version] [-h | --help] [-C <path>] [-c <name>=<value>]\n           [--exec-path[=<path>]] [--html-path] [--man-path] [--info-path]\n           [-p | --paginate | -P | --no-pager] [--no-replace-objects] [--bare]\n           [--git-dir=<path>] [--work-tree=<path>] [--namespace=<name>]\n           [--config-env=<name>=<envvar>] <command> [<args>]\n\nThese are common Git commands used in various situations:\n\nstart a working area (see also: git help tutorial)\n   clone     Clone a repository into a new directory\n   init      Create an empty Git repository or reinitialize an existing one\n\nwork on the current change (see also: git help everyday)\n   add       Add file contents to the index\n   mv        Move or rename a file, a directory, or a symlink\n   restore   Restore working tree files\n   rm        Remove files from the working tree and from the index\n\nexamine the history and state (see also: git help revisions)\n   bisect    Use binary search to find the commit that introduced a bug\n   diff      Show changes between commits, commit and working tree, etc\n   grep      Print lines matching a pattern\n   log       Show commit logs\n   show      Show various types of objects\n   status    Show the working tree status\n\ngrow, mark and tweak your common history\n   branch    List, create, or delete branches\n   commit    Record changes to the repository\n   merge     Join two or more development histories together\n   rebase    Reapply commits on top of another base tip\n   reset     Reset current HEAD to the specified state\n   switch    Switch branches\n   tag       Create, list, delete or verify a tag object signed with GPG\n\ncollaborate (see also: git help workflows)\n   fetch     Download objects and refs from another repository\n   pull      Fetch from and integrate with another repository or a local branch\n   push      Update remote refs along with associated objects\n\n'git help -a' and 'git help -g' list available subcommands and some\nconcept guides. See 'git help <command>' or 'git help <concept>'\nto read about a specific subcommand or concept.\nSee 'git help git' for an overview of the system.\n""
[0m03:43:34.041731 [debug] [MainThread]: STDERR: "b''"
[0m03:43:34.042732 [info ] [MainThread]:  - git [[32mOK found[0m]

[0m03:43:34.043731 [info ] [MainThread]: Connection:
[0m03:43:34.043731 [info ] [MainThread]:   host: localhost
[0m03:43:34.044730 [info ] [MainThread]:   port: 5432
[0m03:43:34.044730 [info ] [MainThread]:   user: postgres
[0m03:43:34.045731 [info ] [MainThread]:   database: medical_warehouse
[0m03:43:34.045731 [info ] [MainThread]:   schema: public
[0m03:43:34.046730 [info ] [MainThread]:   connect_timeout: 10
[0m03:43:34.046730 [info ] [MainThread]:   role: None
[0m03:43:34.047729 [info ] [MainThread]:   search_path: None
[0m03:43:34.047729 [info ] [MainThread]:   keepalives_idle: 0
[0m03:43:34.048731 [info ] [MainThread]:   sslmode: None
[0m03:43:34.048731 [info ] [MainThread]:   sslcert: None
[0m03:43:34.049730 [info ] [MainThread]:   sslkey: None
[0m03:43:34.050812 [info ] [MainThread]:   sslrootcert: None
[0m03:43:34.050812 [info ] [MainThread]:   application_name: dbt
[0m03:43:34.051813 [info ] [MainThread]:   retries: 1
[0m03:43:34.051813 [info ] [MainThread]: Registered adapter: postgres=1.10.0
[0m03:43:34.299731 [debug] [MainThread]: Acquiring new postgres connection 'debug'
[0m03:43:34.415841 [debug] [MainThread]: Using postgres connection "debug"
[0m03:43:34.415841 [debug] [MainThread]: On debug: select 1 as id
[0m03:43:34.415841 [debug] [MainThread]: Opening a new connection, currently in state init
[0m03:43:34.465200 [debug] [MainThread]: SQL status: SELECT 1 in 0.048 seconds
[0m03:43:34.466202 [debug] [MainThread]: On debug: Close
[0m03:43:34.466202 [info ] [MainThread]:   Connection test: [[32mOK connection ok[0m]

[0m03:43:34.467201 [info ] [MainThread]: [32mAll checks passed![0m
[0m03:43:34.467201 [info ] [MainThread]: Your new dbt project "medical_warehouse" was created!
Initialized new project in C:\Users\HP\Documents\AI For Medicine\medical_warehouse\medical_warehouse

For more information on how to configure the profiles.yml file,
please consult the dbt documentation here:

  https://docs.getdbt.com/docs/configure-your-profile

One more thing:

Need help? Don't hesitate to reach out to us via GitHub issues or on Slack:

  https://community.getdbt.com/

Happy modeling!

[0m03:43:34.468202 [debug] [MainThread]: Command `dbt init` succeeded at 03:43:34.468202 after 104.79 seconds
[0m03:43:34.469202 [debug] [MainThread]: Connection 'debug' was properly closed.
[0m03:43:34.469706 [debug] [MainThread]: Sending event: {'category': 'dbt', 'action': 'invocation', 'label': 'end', 'context': [<snowplow_tracker.self_describing_json.SelfDescribingJson object at 0x000001B4C3910350>, <snowplow_tracker.self_describing_json.SelfDescribingJson object at 0x000001B4C5047690>, <snowplow_tracker.self_describing_json.SelfDescribingJson object at 0x000001B4C54201D0>]}
[0m03:43:34.470712 [debug] [MainThread]: Flushing usage events
[0m03:43:35.998408 [debug] [MainThread]: An error was encountered while trying to flush usage events
