2026-05-14 01:51:10,400 [INFO] Scrape started | date: 2026-05-13
2026-05-14 01:51:10,401 [INFO] Connecting to 149.154.167.51:443/TcpFull...
2026-05-14 01:51:10,598 [INFO] Connection to 149.154.167.51:443/TcpFull complete!
2026-05-14 01:51:20,430 [INFO] Phone migrated to 4
2026-05-14 01:51:20,634 [INFO] Reconnecting to new data center 4
2026-05-14 01:51:20,948 [INFO] Disconnecting from 149.154.167.51:443/TcpFull...
2026-05-14 01:51:20,948 [INFO] Disconnection from 149.154.167.51:443/TcpFull complete!
2026-05-14 01:51:20,949 [INFO] Connecting to 149.154.167.92:443/TcpFull...
2026-05-14 01:51:22,994 [INFO] Connection to 149.154.167.92:443/TcpFull complete!
2026-05-14 01:55:39,094 [INFO] Telegram client connected
2026-05-14 01:55:39,095 [INFO] Starting scrape: CheMed123
2026-05-14 01:55:39,819 [INFO] Starting direct file download in chunks of 131072 at 0, stride 131072
2026-05-14 01:55:40,430 [INFO] Starting direct file download in chunks of 131072 at 0, stride 131072
2026-05-14 01:55:41,152 [INFO] Starting direct file download in chunks of 131072 at 0, stride 131072
2026-05-14 01:55:41,571 [INFO] Starting direct file download in chunks of 131072 at 0, stride 131072
2026-05-14 01:55:42,009 [INFO] Starting direct file download in chunks of 131072 at 0, stride 131072
2026-05-14 01:55:42,606 [INFO] Starting direct file download in chunks of 131072 at 0, stride 131072
2026-05-14 01:55:43,217 [INFO] Starting direct file download in chunks of 131072 at 0, stride 131072
2026-05-14 01:55:43,620 [INFO] Starting direct file download in chunks of 131072 at 0, stride 131072
2026-05-14 01:55:44,380 [INFO] Starting direct file download in chunks of 131072 at 0, stride 131072
2026-05-14 01:55:45,027 [INFO] Starting direct file download in chunks of 131072 at 0, stride 131072
2026-05-14 01:55:45,690 [INFO] Starting direct file download in chunks of 131072 at 0, stride 131072
2026-05-14 01:55:46,356 [INFO] Starting direct file download in chunks of 131072 at 0, stride 131072
2026-05-14 01:55:46,720 [INFO] Starting direct file download in chunks of 131072 at 0, stride 131072
2026-05-14 01:55:47,117 [INFO] Starting direct file download in chunks of 131072 at 0, stride 131072
2026-05-14 01:55:47,816 [INFO] Starting direct file download in chunks of 131072 at 0, stride 131072
2026-05-14 01:55:48,243 [INFO] Starting direct file download in chunks of 131072 at 0, stride 131072
2026-05-14 01:55:48,916 [INFO] Starting direct file download in chunks of 131072 at 0, stride 131072
2026-05-14 01:55:49,761 [INFO] Starting direct file download in chunks of 131072 at 0, stride 131072
2026-05-14 01:55:50,452 [INFO] Starting direct file download in chunks of 131072 at 0, stride 131072
2026-05-14 01:55:51,164 [INFO] Starting direct file download in chunks of 131072 at 0, stride 131072
2026-05-14 01:55:51,931 [INFO] Starting direct file download in chunks of 131072 at 0, stride 131072
2026-05-14 01:55:52,677 [INFO] Starting direct file download in chunks of 131072 at 0, stride 131072
2026-05-14 01:55:53,504 [INFO] Starting direct file download in chunks of 131072 at 0, stride 131072
2026-05-14 01:55:54,559 [INFO] Starting direct file download in chunks of 131072 at 0, stride 131072
2026-05-14 01:55:55,732 [INFO] Starting direct file download in chunks of 131072 at 0, stride 131072
2026-05-14 01:55:56,711 [INFO] Starting direct file download in chunks of 131072 at 0, stride 131072
2026-05-14 01:55:57,242 [INFO] Starting direct file download in chunks of 131072 at 0, stride 131072
2026-05-14 01:55:57,775 [INFO] Starting direct file download in chunks of 131072 at 0, stride 131072
2026-05-14 01:55:58,091 [INFO] Starting direct file download in chunks of 131072 at 0, stride 131072
2026-05-14 01:55:58,962 [INFO] Starting direct file download in chunks of 131072 at 0, stride 131072
2026-05-14 01:55:59,838 [INFO] Starting direct file download in chunks of 131072 at 0, stride 131072
2026-05-14 01:56:00,487 [INFO] Starting direct file download in chunks of 131072 at 0, stride 131072
2026-05-14 01:56:00,892 [INFO] Starting direct file download in chunks of 131072 at 0, stride 131072
2026-05-14 01:56:01,343 [INFO] Starting direct file download in chunks of 131072 at 0, stride 131072
2026-05-14 01:56:01,733 [INFO] Starting direct file download in chunks of 131072 at 0, stride 131072
2026-05-14 01:56:02,566 [INFO] Starting direct file download in chunks of 131072 at 0, stride 131072
2026-05-14 01:56:03,019 [INFO] Starting direct file download in chunks of 131072 at 0, stride 131072
2026-05-14 01:56:03,517 [INFO] Starting direct file download in chunks of 131072 at 0, stride 131072
2026-05-14 01:56:03,920 [INFO] Starting direct file download in chunks of 131072 at 0, stride 131072
2026-05-14 01:56:04,381 [INFO] Starting direct file download in chunks of 131072 at 0, stride 131072
2026-05-14 01:56:05,026 [INFO] Starting direct file download in chunks of 131072 at 0, stride 131072
2026-05-14 01:56:05,415 [INFO] Starting direct file download in chunks of 131072 at 0, stride 131072
2026-05-14 01:56:05,783 [INFO] Starting direct file download in chunks of 131072 at 0, stride 131072
2026-05-14 01:56:06,221 [INFO] Starting direct file download in chunks of 131072 at 0, stride 131072
2026-05-14 01:56:06,574 [INFO] Starting direct file download in chunks of 131072 at 0, stride 131072
2026-05-14 01:56:07,235 [INFO] Starting direct file download in chunks of 131072 at 0, stride 131072
2026-05-14 01:56:07,676 [INFO] Starting direct file download in chunks of 131072 at 0, stride 131072
2026-05-14 01:56:08,112 [INFO] Starting direct file download in chunks of 131072 at 0, stride 131072
2026-05-14 01:56:08,428 [INFO] Starting direct file download in chunks of 131072 at 0, stride 131072
2026-05-14 01:56:09,360 [INFO] Starting direct file download in chunks of 131072 at 0, stride 131072
2026-05-14 01:56:09,936 [INFO] Starting direct file download in chunks of 131072 at 0, stride 131072
2026-05-14 01:56:10,914 [INFO] Starting direct file download in chunks of 131072 at 0, stride 131072
2026-05-14 01:56:11,414 [INFO] Starting direct file download in chunks of 131072 at 0, stride 131072
2026-05-14 01:56:11,804 [INFO] Starting direct file download in chunks of 131072 at 0, stride 131072
2026-05-14 01:56:12,153 [INFO] Starting direct file download in chunks of 131072 at 0, stride 131072
2026-05-14 01:56:12,579 [INFO] Starting direct file download in chunks of 131072 at 0, stride 131072
2026-05-14 01:56:13,533 [INFO] Starting direct file download in chunks of 131072 at 0, stride 131072
2026-05-14 01:56:14,484 [INFO] Starting direct file download in chunks of 131072 at 0, stride 131072
2026-05-14 01:56:14,918 [INFO] Starting direct file download in chunks of 131072 at 0, stride 131072
2026-05-14 01:56:15,428 [INFO] Starting direct file download in chunks of 131072 at 0, stride 131072
2026-05-14 01:56:15,902 [INFO] Starting direct file download in chunks of 131072 at 0, stride 131072
2026-05-14 01:56:16,520 [INFO] Starting direct file download in chunks of 131072 at 0, stride 131072
2026-05-14 01:56:17,460 [INFO] Starting direct file download in chunks of 131072 at 0, stride 131072
2026-05-14 01:56:17,908 [INFO] Starting direct file download in chunks of 131072 at 0, stride 131072
2026-05-14 01:56:18,667 [INFO] Starting direct file download in chunks of 131072 at 0, stride 131072
2026-05-14 01:56:18,964 [INFO] Starting direct file download in chunks of 131072 at 0, stride 131072
2026-05-14 01:56:19,207 [INFO] Starting direct file download in chunks of 131072 at 0, stride 131072
2026-05-14 01:56:19,481 [INFO] Done: CheMed123 — 76 messages
2026-05-14 01:56:21,519 [INFO] Starting scrape: lobelia4cosmetics
2026-05-14 01:56:21,945 [INFO] Starting direct file download in chunks of 131072 at 0, stride 131072
2026-05-14 01:56:22,369 [INFO] Starting direct file download in chunks of 131072 at 0, stride 131072
2026-05-14 01:56:23,199 [INFO] Starting direct file download in chunks of 131072 at 0, stride 131072
2026-05-14 01:56:23,924 [INFO] Starting direct file download in chunks of 131072 at 0, stride 131072
2026-05-14 01:56:24,673 [INFO] Starting direct file download in chunks of 131072 at 0, stride 131072
2026-05-14 01:56:25,468 [INFO] Starting direct file download in chunks of 131072 at 0, stride 131072
2026-05-14 01:56:26,210 [INFO] Starting direct file download in chunks of 131072 at 0, stride 131072
2026-05-14 01:56:26,764 [INFO] Starting direct file download in chunks of 131072 at 0, stride 131072
2026-05-14 01:56:27,175 [INFO] Starting direct file download in chunks of 131072 at 0, stride 131072
2026-05-14 01:56:27,598 [INFO] Starting direct file download in chunks of 131072 at 0, stride 131072
2026-05-14 01:56:28,154 [INFO] Starting direct file download in chunks of 131072 at 0, stride 131072
2026-05-14 01:56:28,694 [INFO] Starting direct file download in chunks of 131072 at 0, stride 131072
2026-05-14 01:56:29,251 [INFO] Starting direct file download in chunks of 131072 at 0, stride 131072
2026-05-14 01:56:29,768 [INFO] Starting direct file download in chunks of 131072 at 0, stride 131072
2026-05-14 01:56:30,169 [INFO] Starting direct file download in chunks of 131072 at 0, stride 131072
2026-05-14 01:56:30,805 [INFO] Starting direct file download in chunks of 131072 at 0, stride 131072
2026-05-14 01:56:31,402 [INFO] Starting direct file download in chunks of 131072 at 0, stride 131072
2026-05-14 01:56:31,848 [INFO] Starting direct file download in chunks of 131072 at 0, stride 131072
2026-05-14 01:56:32,494 [INFO] Starting direct file download in chunks of 131072 at 0, stride 131072
2026-05-14 01:56:32,874 [INFO] Starting direct file download in chunks of 131072 at 0, stride 131072
2026-05-14 01:56:33,634 [INFO] Starting direct file download in chunks of 131072 at 0, stride 131072
2026-05-14 01:56:33,883 [INFO] Starting direct file download in chunks of 131072 at 0, stride 131072
2026-05-14 01:56:34,323 [INFO] Starting direct file download in chunks of 131072 at 0, stride 131072
2026-05-14 01:56:34,864 [INFO] Starting direct file download in chunks of 131072 at 0, stride 131072
2026-05-14 01:56:35,193 [INFO] Starting direct file download in chunks of 131072 at 0, stride 131072
2026-05-14 01:56:35,383 [INFO] Starting direct file download in chunks of 131072 at 0, stride 131072
2026-05-14 01:56:36,018 [INFO] Starting direct file download in chunks of 131072 at 0, stride 131072
2026-05-14 01:56:36,586 [INFO] Starting direct file download in chunks of 131072 at 0, stride 131072
2026-05-14 01:56:36,898 [INFO] Starting direct file download in chunks of 131072 at 0, stride 131072
2026-05-14 01:56:37,173 [INFO] Starting direct file download in chunks of 131072 at 0, stride 131072
2026-05-14 01:56:37,566 [INFO] Starting direct file download in chunks of 131072 at 0, stride 131072
2026-05-14 01:56:37,909 [INFO] Starting direct file download in chunks of 131072 at 0, stride 131072
2026-05-14 01:56:38,261 [INFO] Starting direct file download in chunks of 131072 at 0, stride 131072
2026-05-14 01:56:38,673 [INFO] Starting direct file download in chunks of 131072 at 0, stride 131072
2026-05-14 01:56:39,371 [INFO] Starting direct file download in chunks of 131072 at 0, stride 131072
2026-05-14 01:56:39,574 [INFO] Starting direct file download in chunks of 131072 at 0, stride 131072
2026-05-14 01:56:39,829 [INFO] Starting direct file download in chunks of 131072 at 0, stride 131072
2026-05-14 01:56:40,171 [INFO] Starting direct file download in chunks of 131072 at 0, stride 131072
2026-05-14 01:56:40,920 [INFO] Starting direct file download in chunks of 131072 at 0, stride 131072
2026-05-14 01:56:41,160 [INFO] Starting direct file download in chunks of 131072 at 0, stride 131072
2026-05-14 01:56:41,898 [INFO] Starting direct file download in chunks of 131072 at 0, stride 131072
2026-05-14 01:56:42,222 [INFO] Starting direct file download in chunks of 131072 at 0, stride 131072
2026-05-14 01:56:42,653 [INFO] Starting direct file download in chunks of 131072 at 0, stride 131072
2026-05-14 01:56:43,465 [INFO] Starting direct file download in chunks of 131072 at 0, stride 131072
2026-05-14 01:56:44,035 [INFO] Starting direct file download in chunks of 131072 at 0, stride 131072
2026-05-14 01:56:44,468 [INFO] Starting direct file download in chunks of 131072 at 0, stride 131072
2026-05-14 01:56:44,771 [INFO] Starting direct file download in chunks of 131072 at 0, stride 131072
2026-05-14 01:56:45,087 [INFO] Starting direct file download in chunks of 131072 at 0, stride 131072
2026-05-14 01:56:45,341 [INFO] Starting direct file download in chunks of 131072 at 0, stride 131072
2026-05-14 01:56:45,655 [INFO] Starting direct file download in chunks of 131072 at 0, stride 131072
2026-05-14 01:56:45,919 [INFO] Starting direct file download in chunks of 131072 at 0, stride 131072
2026-05-14 01:56:46,247 [INFO] Starting direct file download in chunks of 131072 at 0, stride 131072
2026-05-14 01:56:46,815 [INFO] Starting direct file download in chunks of 131072 at 0, stride 131072
2026-05-14 01:56:47,278 [INFO] Starting direct file download in chunks of 131072 at 0, stride 131072
2026-05-14 01:56:47,843 [INFO] Starting direct file download in chunks of 131072 at 0, stride 131072
2026-05-14 01:56:48,283 [INFO] Starting direct file download in chunks of 131072 at 0, stride 131072
2026-05-14 01:56:51,866 [INFO] Starting direct file download in chunks of 131072 at 0, stride 131072
2026-05-14 01:56:52,328 [INFO] Starting direct file download in chunks of 131072 at 0, stride 131072
2026-05-14 01:56:55,027 [INFO] Starting direct file download in chunks of 131072 at 0, stride 131072
2026-05-14 01:56:57,250 [INFO] Starting direct file download in chunks of 131072 at 0, stride 131072
2026-05-14 01:56:57,727 [INFO] Starting direct file download in chunks of 131072 at 0, stride 131072
2026-05-14 01:56:58,069 [INFO] Starting direct file download in chunks of 131072 at 0, stride 131072
2026-05-14 01:56:58,296 [INFO] Starting direct file download in chunks of 131072 at 0, stride 131072
2026-05-14 01:56:58,661 [INFO] Starting direct file download in chunks of 131072 at 0, stride 131072
2026-05-14 01:56:59,041 [INFO] Starting direct file download in chunks of 131072 at 0, stride 131072
2026-05-14 01:56:59,697 [INFO] Starting direct file download in chunks of 131072 at 0, stride 131072
2026-05-14 01:57:00,182 [INFO] Starting direct file download in chunks of 131072 at 0, stride 131072
2026-05-14 01:57:00,873 [INFO] Starting direct file download in chunks of 131072 at 0, stride 131072
2026-05-14 01:57:01,438 [INFO] Starting direct file download in chunks of 131072 at 0, stride 131072
2026-05-14 01:57:02,126 [INFO] Starting direct file download in chunks of 131072 at 0, stride 131072
2026-05-14 01:57:03,034 [INFO] Starting direct file download in chunks of 131072 at 0, stride 131072
2026-05-14 01:57:03,660 [INFO] Starting direct file download in chunks of 131072 at 0, stride 131072
2026-05-14 01:57:04,919 [INFO] Starting direct file download in chunks of 131072 at 0, stride 131072
2026-05-14 01:57:05,988 [INFO] Starting direct file download in chunks of 131072 at 0, stride 131072
2026-05-14 01:57:06,728 [INFO] Starting direct file download in chunks of 131072 at 0, stride 131072
2026-05-14 01:57:07,194 [INFO] Starting direct file download in chunks of 131072 at 0, stride 131072
2026-05-14 01:57:07,525 [INFO] Starting direct file download in chunks of 131072 at 0, stride 131072
2026-05-14 01:57:08,205 [INFO] Starting direct file download in chunks of 131072 at 0, stride 131072
2026-05-14 01:57:08,614 [INFO] Starting direct file download in chunks of 131072 at 0, stride 131072
2026-05-14 01:57:08,934 [INFO] Starting direct file download in chunks of 131072 at 0, stride 131072
2026-05-14 01:57:09,285 [INFO] Starting direct file download in chunks of 131072 at 0, stride 131072
2026-05-14 01:57:09,637 [INFO] Starting direct file download in chunks of 131072 at 0, stride 131072
2026-05-14 01:57:09,991 [INFO] Starting direct file download in chunks of 131072 at 0, stride 131072
2026-05-14 01:57:10,367 [INFO] Starting direct file download in chunks of 131072 at 0, stride 131072
2026-05-14 01:57:10,686 [INFO] Starting direct file download in chunks of 131072 at 0, stride 131072
2026-05-14 01:57:11,048 [INFO] Starting direct file download in chunks of 131072 at 0, stride 131072
2026-05-14 01:57:11,483 [INFO] Starting direct file download in chunks of 131072 at 0, stride 131072
2026-05-14 01:57:11,836 [INFO] Starting direct file download in chunks of 131072 at 0, stride 131072
2026-05-14 01:57:12,072 [INFO] Starting direct file download in chunks of 131072 at 0, stride 131072
2026-05-14 01:57:12,340 [INFO] Starting direct file download in chunks of 131072 at 0, stride 131072
2026-05-14 01:57:12,629 [INFO] Starting direct file download in chunks of 131072 at 0, stride 131072
2026-05-14 01:57:13,384 [INFO] Starting direct file download in chunks of 131072 at 0, stride 131072
2026-05-14 01:57:14,052 [INFO] Starting direct file download in chunks of 131072 at 0, stride 131072
2026-05-14 01:57:17,040 [INFO] Starting direct file download in chunks of 131072 at 0, stride 131072
2026-05-14 01:57:17,386 [INFO] Starting direct file download in chunks of 131072 at 0, stride 131072
2026-05-14 01:57:20,635 [INFO] Starting direct file download in chunks of 131072 at 0, stride 131072
2026-05-14 01:57:23,055 [INFO] Starting direct file download in chunks of 131072 at 0, stride 131072
2026-05-14 01:57:25,046 [INFO] Starting direct file download in chunks of 131072 at 0, stride 131072
2026-05-14 01:57:25,682 [INFO] Starting direct file download in chunks of 131072 at 0, stride 131072
2026-05-14 01:57:25,860 [INFO] Starting direct file download in chunks of 131072 at 0, stride 131072
2026-05-14 01:57:26,322 [INFO] Starting direct file download in chunks of 131072 at 0, stride 131072
2026-05-14 01:57:26,697 [INFO] Starting direct file download in chunks of 131072 at 0, stride 131072
2026-05-14 01:57:27,450 [INFO] Starting direct file download in chunks of 131072 at 0, stride 131072
2026-05-14 01:57:28,069 [INFO] Starting direct file download in chunks of 131072 at 0, stride 131072
2026-05-14 01:57:28,671 [INFO] Starting direct file download in chunks of 131072 at 0, stride 131072
2026-05-14 01:57:28,823 [INFO] Starting direct file download in chunks of 131072 at 0, stride 131072
2026-05-14 01:57:29,415 [INFO] Starting direct file download in chunks of 131072 at 0, stride 131072
2026-05-14 01:57:29,817 [INFO] Starting direct file download in chunks of 131072 at 0, stride 131072
2026-05-14 01:57:30,204 [INFO] Starting direct file download in chunks of 131072 at 0, stride 131072
2026-05-14 01:57:30,583 [INFO] Starting direct file download in chunks of 131072 at 0, stride 131072
2026-05-14 01:57:31,007 [INFO] Starting direct file download in chunks of 131072 at 0, stride 131072
2026-05-14 01:57:31,337 [INFO] Starting direct file download in chunks of 131072 at 0, stride 131072
2026-05-14 01:57:31,957 [INFO] Starting direct file download in chunks of 131072 at 0, stride 131072
2026-05-14 01:57:32,415 [INFO] Starting direct file download in chunks of 131072 at 0, stride 131072
2026-05-14 01:57:33,002 [INFO] Starting direct file download in chunks of 131072 at 0, stride 131072
2026-05-14 01:57:33,702 [INFO] Starting direct file download in chunks of 131072 at 0, stride 131072
2026-05-14 01:57:34,195 [INFO] Starting direct file download in chunks of 131072 at 0, stride 131072
2026-05-14 01:57:34,420 [INFO] Starting direct file download in chunks of 131072 at 0, stride 131072
2026-05-14 01:57:37,418 [INFO] Starting direct file download in chunks of 131072 at 0, stride 131072
2026-05-14 01:57:38,132 [INFO] Starting direct file download in chunks of 131072 at 0, stride 131072
2026-05-14 01:57:40,954 [INFO] Starting direct file download in chunks of 131072 at 0, stride 131072
2026-05-14 01:57:43,824 [INFO] Starting direct file download in chunks of 131072 at 0, stride 131072
2026-05-14 01:57:44,117 [INFO] Starting direct file download in chunks of 131072 at 0, stride 131072
2026-05-14 01:57:44,552 [INFO] Starting direct file download in chunks of 131072 at 0, stride 131072
2026-05-14 01:57:45,515 [INFO] Starting direct file download in chunks of 131072 at 0, stride 131072
2026-05-14 01:57:46,241 [INFO] Starting direct file download in chunks of 131072 at 0, stride 131072
2026-05-14 01:57:46,953 [INFO] Starting direct file download in chunks of 131072 at 0, stride 131072
2026-05-14 01:57:47,753 [INFO] Starting direct file download in chunks of 131072 at 0, stride 131072
2026-05-14 01:57:48,562 [INFO] Starting direct file download in chunks of 131072 at 0, stride 131072
2026-05-14 01:57:49,386 [INFO] Starting direct file download in chunks of 131072 at 0, stride 131072
2026-05-14 01:57:50,393 [INFO] Starting direct file download in chunks of 131072 at 0, stride 131072
2026-05-14 01:57:51,330 [INFO] Starting direct file download in chunks of 131072 at 0, stride 131072
2026-05-14 01:57:52,191 [INFO] Starting direct file download in chunks of 131072 at 0, stride 131072
2026-05-14 01:57:53,171 [INFO] Starting direct file download in chunks of 131072 at 0, stride 131072
2026-05-14 01:57:53,548 [INFO] Starting direct file download in chunks of 131072 at 0, stride 131072
2026-05-14 01:57:53,940 [INFO] Starting direct file download in chunks of 131072 at 0, stride 131072
2026-05-14 01:57:54,928 [INFO] Starting direct file download in chunks of 131072 at 0, stride 131072
2026-05-14 01:57:55,487 [INFO] Starting direct file download in chunks of 131072 at 0, stride 131072
2026-05-14 01:57:56,388 [INFO] Starting direct file download in chunks of 131072 at 0, stride 131072
2026-05-14 01:57:57,139 [INFO] Starting direct file download in chunks of 131072 at 0, stride 131072
2026-05-14 01:57:57,650 [INFO] Starting direct file download in chunks of 131072 at 0, stride 131072
2026-05-14 01:57:58,142 [INFO] Starting direct file download in chunks of 131072 at 0, stride 131072
2026-05-14 01:57:58,600 [INFO] Starting direct file download in chunks of 131072 at 0, stride 131072
2026-05-14 01:57:59,233 [INFO] Starting direct file download in chunks of 131072 at 0, stride 131072
2026-05-14 01:57:59,936 [INFO] Starting direct file download in chunks of 131072 at 0, stride 131072
2026-05-14 01:58:00,610 [INFO] Starting direct file download in chunks of 131072 at 0, stride 131072
2026-05-14 01:58:00,901 [INFO] Starting direct file download in chunks of 131072 at 0, stride 131072
2026-05-14 01:58:01,144 [INFO] Starting direct file download in chunks of 131072 at 0, stride 131072
2026-05-14 01:58:01,460 [INFO] Starting direct file download in chunks of 131072 at 0, stride 131072
2026-05-14 01:58:01,671 [INFO] Starting direct file download in chunks of 131072 at 0, stride 131072
2026-05-14 01:58:02,029 [INFO] Starting direct file download in chunks of 131072 at 0, stride 131072
2026-05-14 01:58:02,500 [INFO] Starting direct file download in chunks of 131072 at 0, stride 131072
2026-05-14 01:58:03,124 [INFO] Starting direct file download in chunks of 131072 at 0, stride 131072
2026-05-14 01:58:03,297 [INFO] Starting direct file download in chunks of 131072 at 0, stride 131072
2026-05-14 01:58:03,614 [INFO] Starting direct file download in chunks of 131072 at 0, stride 131072
2026-05-14 01:58:04,422 [INFO] Starting direct file download in chunks of 131072 at 0, stride 131072
2026-05-14 01:58:04,933 [INFO] Starting direct file download in chunks of 131072 at 0, stride 131072
2026-05-14 01:58:05,213 [INFO] Starting direct file download in chunks of 131072 at 0, stride 131072
2026-05-14 01:58:09,786 [INFO] Starting direct file download in chunks of 131072 at 0, stride 131072
2026-05-14 01:58:10,701 [INFO] Starting direct file download in chunks of 131072 at 0, stride 131072
2026-05-14 01:58:14,058 [INFO] Starting direct file download in chunks of 131072 at 0, stride 131072
2026-05-14 01:58:17,054 [INFO] Starting direct file download in chunks of 131072 at 0, stride 131072
2026-05-14 01:58:17,379 [INFO] Starting direct file download in chunks of 131072 at 0, stride 131072
2026-05-14 01:58:17,750 [INFO] Starting direct file download in chunks of 131072 at 0, stride 131072
2026-05-14 01:58:18,261 [INFO] Starting direct file download in chunks of 131072 at 0, stride 131072
2026-05-14 01:58:19,250 [INFO] Starting direct file download in chunks of 131072 at 0, stride 131072
2026-05-14 01:58:19,975 [INFO] Starting direct file download in chunks of 131072 at 0, stride 131072
2026-05-14 01:58:20,676 [INFO] Starting direct file download in chunks of 131072 at 0, stride 131072
2026-05-14 01:58:21,201 [INFO] Starting direct file download in chunks of 131072 at 0, stride 131072
2026-05-14 01:58:21,714 [INFO] Starting direct file download in chunks of 131072 at 0, stride 131072
2026-05-14 01:58:22,302 [INFO] Starting direct file download in chunks of 131072 at 0, stride 131072
2026-05-14 01:58:23,305 [INFO] Starting direct file download in chunks of 131072 at 0, stride 131072
2026-05-14 01:58:24,363 [INFO] Starting direct file download in chunks of 131072 at 0, stride 131072
2026-05-14 01:58:25,041 [INFO] Starting direct file download in chunks of 131072 at 0, stride 131072
2026-05-14 01:58:25,687 [INFO] Starting direct file download in chunks of 131072 at 0, stride 131072
2026-05-14 01:58:26,795 [INFO] Starting direct file download in chunks of 131072 at 0, stride 131072
2026-05-14 01:58:27,583 [INFO] Starting direct file download in chunks of 131072 at 0, stride 131072
2026-05-14 01:58:27,933 [INFO] Starting direct file download in chunks of 131072 at 0, stride 131072
2026-05-14 01:58:28,871 [INFO] Starting direct file download in chunks of 131072 at 0, stride 131072
2026-05-14 01:58:29,159 [INFO] Starting direct file download in chunks of 131072 at 0, stride 131072
2026-05-14 01:58:30,142 [INFO] Starting direct file download in chunks of 131072 at 0, stride 131072
2026-05-14 01:58:30,353 [INFO] Starting direct file download in chunks of 131072 at 0, stride 131072
2026-05-14 01:58:30,908 [INFO] Starting direct file download in chunks of 131072 at 0, stride 131072
2026-05-14 01:58:31,628 [INFO] Starting direct file download in chunks of 131072 at 0, stride 131072
2026-05-14 01:58:32,459 [INFO] Starting direct file download in chunks of 131072 at 0, stride 131072
2026-05-14 01:58:33,116 [INFO] Starting direct file download in chunks of 131072 at 0, stride 131072
2026-05-14 01:58:33,447 [INFO] Starting direct file download in chunks of 131072 at 0, stride 131072
2026-05-14 01:58:33,845 [INFO] Starting direct file download in chunks of 131072 at 0, stride 131072
2026-05-14 01:58:34,251 [INFO] Starting direct file download in chunks of 131072 at 0, stride 131072
2026-05-14 01:58:35,031 [INFO] Starting direct file download in chunks of 131072 at 0, stride 131072
2026-05-14 01:58:37,730 [INFO] Starting direct file download in chunks of 131072 at 0, stride 131072
2026-05-14 01:58:38,201 [INFO] Starting direct file download in chunks of 131072 at 0, stride 131072
2026-05-14 01:58:38,674 [INFO] Starting direct file download in chunks of 131072 at 0, stride 131072
2026-05-14 01:58:38,910 [INFO] Starting direct file download in chunks of 131072 at 0, stride 131072
2026-05-14 01:58:39,265 [INFO] Starting direct file download in chunks of 131072 at 0, stride 131072
2026-05-14 01:58:39,596 [INFO] Starting direct file download in chunks of 131072 at 0, stride 131072
2026-05-14 01:58:39,799 [INFO] Starting direct file download in chunks of 131072 at 0, stride 131072
2026-05-14 01:58:40,589 [INFO] Starting direct file download in chunks of 131072 at 0, stride 131072
2026-05-14 01:58:41,094 [INFO] Starting direct file download in chunks of 131072 at 0, stride 131072
2026-05-14 01:58:41,706 [INFO] Starting direct file download in chunks of 131072 at 0, stride 131072
2026-05-14 01:58:42,508 [INFO] Starting direct file download in chunks of 131072 at 0, stride 131072
2026-05-14 01:58:43,793 [INFO] Starting direct file download in chunks of 131072 at 0, stride 131072
2026-05-14 01:58:44,049 [INFO] Starting direct file download in chunks of 131072 at 0, stride 131072
2026-05-14 01:58:44,213 [INFO] Starting direct file download in chunks of 131072 at 0, stride 131072
2026-05-14 01:58:44,888 [INFO] Starting direct file download in chunks of 131072 at 0, stride 131072
2026-05-14 01:58:45,577 [INFO] Starting direct file download in chunks of 131072 at 0, stride 131072
2026-05-14 01:58:45,874 [INFO] Starting direct file download in chunks of 131072 at 0, stride 131072
2026-05-14 01:58:46,407 [INFO] Starting direct file download in chunks of 131072 at 0, stride 131072
2026-05-14 01:58:46,782 [INFO] Starting direct file download in chunks of 131072 at 0, stride 131072
2026-05-14 01:58:50,280 [INFO] Starting direct file download in chunks of 131072 at 0, stride 131072
2026-05-14 01:58:50,916 [INFO] Starting direct file download in chunks of 131072 at 0, stride 131072
2026-05-14 01:58:53,705 [INFO] Starting direct file download in chunks of 131072 at 0, stride 131072
2026-05-14 01:58:56,163 [INFO] Starting direct file download in chunks of 131072 at 0, stride 131072
2026-05-14 01:58:56,445 [INFO] Starting direct file download in chunks of 131072 at 0, stride 131072
2026-05-14 01:58:56,782 [INFO] Starting direct file download in chunks of 131072 at 0, stride 131072
2026-05-14 01:58:57,055 [INFO] Starting direct file download in chunks of 131072 at 0, stride 131072
2026-05-14 01:58:57,452 [INFO] Starting direct file download in chunks of 131072 at 0, stride 131072
2026-05-14 01:58:58,133 [INFO] Starting direct file download in chunks of 131072 at 0, stride 131072
2026-05-14 01:58:58,786 [INFO] Starting direct file download in chunks of 131072 at 0, stride 131072
2026-05-14 01:58:59,094 [INFO] Starting direct file download in chunks of 131072 at 0, stride 131072
2026-05-14 01:58:59,556 [INFO] Starting direct file download in chunks of 131072 at 0, stride 131072
2026-05-14 01:58:59,849 [INFO] Starting direct file download in chunks of 131072 at 0, stride 131072
2026-05-14 01:59:00,216 [INFO] Starting direct file download in chunks of 131072 at 0, stride 131072
2026-05-14 01:59:00,728 [INFO] Starting direct file download in chunks of 131072 at 0, stride 131072
2026-05-14 01:59:01,174 [INFO] Starting direct file download in chunks of 131072 at 0, stride 131072
2026-05-14 01:59:01,423 [INFO] Starting direct file download in chunks of 131072 at 0, stride 131072
2026-05-14 01:59:02,537 [INFO] Starting direct file download in chunks of 131072 at 0, stride 131072
2026-05-14 01:59:03,123 [INFO] Starting direct file download in chunks of 131072 at 0, stride 131072
2026-05-14 01:59:07,078 [INFO] Starting direct file download in chunks of 131072 at 0, stride 131072
2026-05-14 01:59:07,354 [INFO] Starting direct file download in chunks of 131072 at 0, stride 131072
2026-05-14 01:59:07,800 [INFO] Starting direct file download in chunks of 131072 at 0, stride 131072
2026-05-14 01:59:08,697 [INFO] Starting direct file download in chunks of 131072 at 0, stride 131072
2026-05-14 01:59:09,545 [INFO] Starting direct file download in chunks of 131072 at 0, stride 131072
2026-05-14 01:59:10,327 [INFO] Starting direct file download in chunks of 131072 at 0, stride 131072
2026-05-14 01:59:11,082 [INFO] Starting direct file download in chunks of 131072 at 0, stride 131072
2026-05-14 01:59:11,545 [INFO] Starting direct file download in chunks of 131072 at 0, stride 131072
2026-05-14 01:59:12,088 [INFO] Starting direct file download in chunks of 131072 at 0, stride 131072
2026-05-14 01:59:12,583 [INFO] Starting direct file download in chunks of 131072 at 0, stride 131072
2026-05-14 01:59:13,047 [INFO] Starting direct file download in chunks of 131072 at 0, stride 131072
2026-05-14 01:59:13,401 [INFO] Starting direct file download in chunks of 131072 at 0, stride 131072
2026-05-14 01:59:14,098 [INFO] Starting direct file download in chunks of 131072 at 0, stride 131072
2026-05-14 01:59:14,548 [INFO] Starting direct file download in chunks of 131072 at 0, stride 131072
2026-05-14 01:59:14,931 [INFO] Starting direct file download in chunks of 131072 at 0, stride 131072
2026-05-14 01:59:15,328 [INFO] Starting direct file download in chunks of 131072 at 0, stride 131072
2026-05-14 01:59:15,612 [INFO] Starting direct file download in chunks of 131072 at 0, stride 131072
2026-05-14 01:59:15,873 [INFO] Starting direct file download in chunks of 131072 at 0, stride 131072
2026-05-14 01:59:16,325 [INFO] Starting direct file download in chunks of 131072 at 0, stride 131072
2026-05-14 01:59:17,202 [INFO] Starting direct file download in chunks of 131072 at 0, stride 131072
2026-05-14 01:59:17,836 [INFO] Starting direct file download in chunks of 131072 at 0, stride 131072
2026-05-14 01:59:18,710 [INFO] Starting direct file download in chunks of 131072 at 0, stride 131072
2026-05-14 01:59:19,559 [INFO] Starting direct file download in chunks of 131072 at 0, stride 131072
2026-05-14 01:59:20,051 [INFO] Starting direct file download in chunks of 131072 at 0, stride 131072
2026-05-14 01:59:20,607 [INFO] Starting direct file download in chunks of 131072 at 0, stride 131072
2026-05-14 01:59:21,005 [INFO] Starting direct file download in chunks of 131072 at 0, stride 131072
2026-05-14 01:59:21,273 [INFO] Starting direct file download in chunks of 131072 at 0, stride 131072
2026-05-14 01:59:22,112 [INFO] Starting direct file download in chunks of 131072 at 0, stride 131072
2026-05-14 01:59:22,906 [INFO] Starting direct file download in chunks of 131072 at 0, stride 131072
2026-05-14 01:59:23,857 [INFO] Starting direct file download in chunks of 131072 at 0, stride 131072
2026-05-14 01:59:27,798 [INFO] Starting direct file download in chunks of 131072 at 0, stride 131072
2026-05-14 01:59:28,497 [INFO] Starting direct file download in chunks of 131072 at 0, stride 131072
2026-05-14 01:59:31,612 [INFO] Starting direct file download in chunks of 131072 at 0, stride 131072
2026-05-14 01:59:34,176 [INFO] Starting direct file download in chunks of 131072 at 0, stride 131072
2026-05-14 01:59:34,411 [INFO] Starting direct file download in chunks of 131072 at 0, stride 131072
2026-05-14 01:59:34,755 [INFO] Starting direct file download in chunks of 131072 at 0, stride 131072
2026-05-14 01:59:35,049 [INFO] Starting direct file download in chunks of 131072 at 0, stride 131072
2026-05-14 01:59:35,309 [INFO] Starting direct file download in chunks of 131072 at 0, stride 131072
2026-05-14 01:59:35,690 [INFO] Starting direct file download in chunks of 131072 at 0, stride 131072
2026-05-14 01:59:36,027 [INFO] Starting direct file download in chunks of 131072 at 0, stride 131072
2026-05-14 01:59:36,281 [INFO] Starting direct file download in chunks of 131072 at 0, stride 131072
2026-05-14 01:59:37,207 [INFO] Starting direct file download in chunks of 131072 at 0, stride 131072
2026-05-14 01:59:37,719 [INFO] Starting direct file download in chunks of 131072 at 0, stride 131072
2026-05-14 01:59:38,499 [INFO] Starting direct file download in chunks of 131072 at 0, stride 131072
2026-05-14 01:59:40,954 [INFO] Starting direct file download in chunks of 131072 at 0, stride 131072
2026-05-14 01:59:44,634 [INFO] Starting direct file download in chunks of 131072 at 0, stride 131072
2026-05-14 01:59:45,118 [INFO] Starting direct file download in chunks of 131072 at 0, stride 131072
2026-05-14 01:59:45,866 [INFO] Starting direct file download in chunks of 131072 at 0, stride 131072
2026-05-14 01:59:46,222 [INFO] Starting direct file download in chunks of 131072 at 0, stride 131072
2026-05-14 01:59:46,598 [INFO] Starting direct file download in chunks of 131072 at 0, stride 131072
2026-05-14 01:59:46,950 [INFO] Starting direct file download in chunks of 131072 at 0, stride 131072
2026-05-14 01:59:47,452 [INFO] Starting direct file download in chunks of 131072 at 0, stride 131072
2026-05-14 01:59:48,202 [INFO] Starting direct file download in chunks of 131072 at 0, stride 131072
2026-05-14 01:59:48,950 [INFO] Starting direct file download in chunks of 131072 at 0, stride 131072
2026-05-14 01:59:49,742 [INFO] Starting direct file download in chunks of 131072 at 0, stride 131072
2026-05-14 01:59:50,097 [INFO] Starting direct file download in chunks of 131072 at 0, stride 131072
2026-05-14 01:59:50,486 [INFO] Starting direct file download in chunks of 131072 at 0, stride 131072
2026-05-14 01:59:50,740 [INFO] Starting direct file download in chunks of 131072 at 0, stride 131072
2026-05-14 01:59:51,509 [INFO] Starting direct file download in chunks of 131072 at 0, stride 131072
2026-05-14 01:59:51,981 [INFO] Starting direct file download in chunks of 131072 at 0, stride 131072
2026-05-14 01:59:52,252 [INFO] Starting direct file download in chunks of 131072 at 0, stride 131072
2026-05-14 01:59:52,531 [INFO] Starting direct file download in chunks of 131072 at 0, stride 131072
2026-05-14 01:59:52,892 [INFO] Starting direct file download in chunks of 131072 at 0, stride 131072
2026-05-14 01:59:53,222 [INFO] Starting direct file download in chunks of 131072 at 0, stride 131072
2026-05-14 01:59:53,607 [INFO] Starting direct file download in chunks of 131072 at 0, stride 131072
2026-05-14 01:59:54,090 [INFO] Starting direct file download in chunks of 131072 at 0, stride 131072
2026-05-14 01:59:54,481 [INFO] Starting direct file download in chunks of 131072 at 0, stride 131072
2026-05-14 01:59:55,175 [INFO] Starting direct file download in chunks of 131072 at 0, stride 131072
2026-05-14 01:59:55,888 [INFO] Starting direct file download in chunks of 131072 at 0, stride 131072
2026-05-14 01:59:56,356 [INFO] Starting direct file download in chunks of 131072 at 0, stride 131072
2026-05-14 01:59:56,851 [INFO] Starting direct file download in chunks of 131072 at 0, stride 131072
2026-05-14 01:59:57,213 [INFO] Starting direct file download in chunks of 131072 at 0, stride 131072
2026-05-14 01:59:57,790 [INFO] Starting direct file download in chunks of 131072 at 0, stride 131072
2026-05-14 01:59:58,178 [INFO] Starting direct file download in chunks of 131072 at 0, stride 131072
2026-05-14 01:59:59,146 [INFO] Starting direct file download in chunks of 131072 at 0, stride 131072
2026-05-14 01:59:59,531 [INFO] Starting direct file download in chunks of 131072 at 0, stride 131072
2026-05-14 02:00:00,282 [INFO] Starting direct file download in chunks of 131072 at 0, stride 131072
2026-05-14 02:00:00,675 [INFO] Starting direct file download in chunks of 131072 at 0, stride 131072
2026-05-14 02:00:03,373 [INFO] Starting direct file download in chunks of 131072 at 0, stride 131072
2026-05-14 02:00:03,888 [INFO] Starting direct file download in chunks of 131072 at 0, stride 131072
2026-05-14 02:00:04,637 [INFO] Starting direct file download in chunks of 131072 at 0, stride 131072
2026-05-14 02:00:05,124 [INFO] Starting direct file download in chunks of 131072 at 0, stride 131072
2026-05-14 02:00:05,607 [INFO] Starting direct file download in chunks of 131072 at 0, stride 131072
2026-05-14 02:00:06,119 [INFO] Starting direct file download in chunks of 131072 at 0, stride 131072
2026-05-14 02:00:06,447 [INFO] Starting direct file download in chunks of 131072 at 0, stride 131072
2026-05-14 02:00:07,195 [INFO] Starting direct file download in chunks of 131072 at 0, stride 131072
2026-05-14 02:00:07,955 [INFO] Starting direct file download in chunks of 131072 at 0, stride 131072
2026-05-14 02:00:08,321 [INFO] Starting direct file download in chunks of 131072 at 0, stride 131072
2026-05-14 02:00:08,686 [INFO] Starting direct file download in chunks of 131072 at 0, stride 131072
2026-05-14 02:00:09,264 [INFO] Starting direct file download in chunks of 131072 at 0, stride 131072
2026-05-14 02:00:09,827 [INFO] Starting direct file download in chunks of 131072 at 0, stride 131072
2026-05-14 02:00:10,644 [INFO] Starting direct file download in chunks of 131072 at 0, stride 131072
2026-05-14 02:00:11,662 [INFO] Starting direct file download in chunks of 131072 at 0, stride 131072
2026-05-14 02:00:12,137 [INFO] Starting direct file download in chunks of 131072 at 0, stride 131072
2026-05-14 02:00:12,922 [INFO] Starting direct file download in chunks of 131072 at 0, stride 131072
2026-05-14 02:00:13,521 [INFO] Starting direct file download in chunks of 131072 at 0, stride 131072
2026-05-14 02:00:14,087 [INFO] Starting direct file download in chunks of 131072 at 0, stride 131072
2026-05-14 02:00:14,547 [INFO] Starting direct file download in chunks of 131072 at 0, stride 131072
2026-05-14 02:00:15,357 [INFO] Starting direct file download in chunks of 131072 at 0, stride 131072
2026-05-14 02:00:16,171 [INFO] Starting direct file download in chunks of 131072 at 0, stride 131072
2026-05-14 02:00:16,711 [INFO] Starting direct file download in chunks of 131072 at 0, stride 131072
2026-05-14 02:00:16,968 [INFO] Starting direct file download in chunks of 131072 at 0, stride 131072
2026-05-14 02:00:17,579 [INFO] Starting direct file download in chunks of 131072 at 0, stride 131072
2026-05-14 02:00:18,415 [INFO] Starting direct file download in chunks of 131072 at 0, stride 131072
2026-05-14 02:00:22,382 [INFO] Starting direct file download in chunks of 131072 at 0, stride 131072
2026-05-14 02:00:23,117 [INFO] Starting direct file download in chunks of 131072 at 0, stride 131072
2026-05-14 02:00:26,410 [INFO] Starting direct file download in chunks of 131072 at 0, stride 131072
2026-05-14 02:00:28,638 [INFO] Starting direct file download in chunks of 131072 at 0, stride 131072
2026-05-14 02:00:28,814 [INFO] Starting direct file download in chunks of 131072 at 0, stride 131072
2026-05-14 02:00:28,955 [INFO] Starting direct file download in chunks of 131072 at 0, stride 131072
2026-05-14 02:00:29,250 [INFO] Starting direct file download in chunks of 131072 at 0, stride 131072
2026-05-14 02:00:29,583 [INFO] Starting direct file download in chunks of 131072 at 0, stride 131072
2026-05-14 02:00:30,039 [INFO] Starting direct file download in chunks of 131072 at 0, stride 131072
2026-05-14 02:00:30,553 [INFO] Starting direct file download in chunks of 131072 at 0, stride 131072
2026-05-14 02:00:31,291 [INFO] Starting direct file download in chunks of 131072 at 0, stride 131072
2026-05-14 02:00:31,488 [INFO] Starting direct file download in chunks of 131072 at 0, stride 131072
2026-05-14 02:00:31,951 [INFO] Starting direct file download in chunks of 131072 at 0, stride 131072
2026-05-14 02:00:32,149 [INFO] Starting direct file download in chunks of 131072 at 0, stride 131072
2026-05-14 02:00:32,509 [INFO] Starting direct file download in chunks of 131072 at 0, stride 131072
2026-05-14 02:00:33,191 [INFO] Starting direct file download in chunks of 131072 at 0, stride 131072
2026-05-14 02:00:37,959 [INFO] Starting direct file download in chunks of 131072 at 0, stride 131072
2026-05-14 02:00:38,607 [INFO] Starting direct file download in chunks of 131072 at 0, stride 131072
2026-05-14 02:00:39,590 [INFO] Starting direct file download in chunks of 131072 at 0, stride 131072
2026-05-14 02:00:40,462 [INFO] Starting direct file download in chunks of 131072 at 0, stride 131072
2026-05-14 02:00:41,128 [INFO] Starting direct file download in chunks of 131072 at 0, stride 131072
2026-05-14 02:00:41,681 [INFO] Starting direct file download in chunks of 131072 at 0, stride 131072
2026-05-14 02:00:42,989 [INFO] Starting direct file download in chunks of 131072 at 0, stride 131072
2026-05-14 02:00:48,028 [INFO] Starting direct file download in chunks of 131072 at 0, stride 131072
2026-05-14 02:00:48,998 [INFO] Starting direct file download in chunks of 131072 at 0, stride 131072
2026-05-14 02:00:50,020 [INFO] Starting direct file download in chunks of 131072 at 0, stride 131072
2026-05-14 02:00:54,000 [INFO] Starting direct file download in chunks of 131072 at 0, stride 131072
2026-05-14 02:00:57,224 [INFO] Starting direct file download in chunks of 131072 at 0, stride 131072
2026-05-14 02:00:58,092 [INFO] Starting direct file download in chunks of 131072 at 0, stride 131072
2026-05-14 02:00:58,688 [INFO] Starting direct file download in chunks of 131072 at 0, stride 131072
2026-05-14 02:00:59,690 [INFO] Starting direct file download in chunks of 131072 at 0, stride 131072
2026-05-14 02:01:00,359 [INFO] Starting direct file download in chunks of 131072 at 0, stride 131072
2026-05-14 02:01:01,420 [INFO] Starting direct file download in chunks of 131072 at 0, stride 131072
2026-05-14 02:01:02,125 [INFO] Starting direct file download in chunks of 131072 at 0, stride 131072
2026-05-14 02:01:03,155 [INFO] Starting direct file download in chunks of 131072 at 0, stride 131072
2026-05-14 02:01:04,221 [INFO] Starting direct file download in chunks of 131072 at 0, stride 131072
2026-05-14 02:01:05,531 [INFO] Starting direct file download in chunks of 131072 at 0, stride 131072
2026-05-14 02:01:05,777 [INFO] Starting direct file download in chunks of 131072 at 0, stride 131072
2026-05-14 02:01:06,903 [INFO] Starting direct file download in chunks of 131072 at 0, stride 131072
2026-05-14 02:01:08,023 [INFO] Starting direct file download in chunks of 131072 at 0, stride 131072
2026-05-14 02:01:09,211 [INFO] Starting direct file download in chunks of 131072 at 0, stride 131072
2026-05-14 02:01:09,487 [INFO] Starting direct file download in chunks of 131072 at 0, stride 131072
2026-05-14 02:01:10,690 [INFO] Starting direct file download in chunks of 131072 at 0, stride 131072
2026-05-14 02:01:11,592 [INFO] Starting direct file download in chunks of 131072 at 0, stride 131072
2026-05-14 02:01:11,818 [INFO] Starting direct file download in chunks of 131072 at 0, stride 131072
2026-05-14 02:01:12,434 [INFO] Starting direct file download in chunks of 131072 at 0, stride 131072
2026-05-14 02:01:18,766 [INFO] Starting direct file download in chunks of 131072 at 0, stride 131072
2026-05-14 02:01:19,609 [INFO] Starting direct file download in chunks of 131072 at 0, stride 131072
2026-05-14 02:01:20,301 [INFO] Starting direct file download in chunks of 131072 at 0, stride 131072
2026-05-14 02:01:21,117 [INFO] Starting direct file download in chunks of 131072 at 0, stride 131072
2026-05-14 02:01:21,933 [INFO] Starting direct file download in chunks of 131072 at 0, stride 131072
2026-05-14 02:01:22,253 [INFO] Starting direct file download in chunks of 131072 at 0, stride 131072
2026-05-14 02:01:22,621 [INFO] Starting direct file download in chunks of 131072 at 0, stride 131072
2026-05-14 02:01:23,230 [INFO] Starting direct file download in chunks of 131072 at 0, stride 131072
2026-05-14 02:01:23,731 [INFO] Starting direct file download in chunks of 131072 at 0, stride 131072
2026-05-14 02:01:24,046 [INFO] Starting direct file download in chunks of 131072 at 0, stride 131072
2026-05-14 02:01:24,797 [INFO] Starting direct file download in chunks of 131072 at 0, stride 131072
2026-05-14 02:01:25,598 [INFO] Starting direct file download in chunks of 131072 at 0, stride 131072
2026-05-14 02:01:26,813 [INFO] Starting direct file download in chunks of 131072 at 0, stride 131072
2026-05-14 02:01:27,796 [INFO] Starting direct file download in chunks of 131072 at 0, stride 131072
2026-05-14 02:01:28,784 [INFO] Starting direct file download in chunks of 131072 at 0, stride 131072
2026-05-14 02:01:29,975 [INFO] Starting direct file download in chunks of 131072 at 0, stride 131072
2026-05-14 02:01:30,551 [INFO] Starting direct file download in chunks of 131072 at 0, stride 131072
2026-05-14 02:01:31,567 [INFO] Starting direct file download in chunks of 131072 at 0, stride 131072
2026-05-14 02:01:32,760 [INFO] Starting direct file download in chunks of 131072 at 0, stride 131072
2026-05-14 02:01:33,598 [INFO] Starting direct file download in chunks of 131072 at 0, stride 131072
2026-05-14 02:01:34,804 [INFO] Starting direct file download in chunks of 131072 at 0, stride 131072
2026-05-14 02:01:36,004 [INFO] Starting direct file download in chunks of 131072 at 0, stride 131072
2026-05-14 02:01:36,698 [INFO] Starting direct file download in chunks of 131072 at 0, stride 131072
2026-05-14 02:01:37,958 [INFO] Starting direct file download in chunks of 131072 at 0, stride 131072
2026-05-14 02:01:38,722 [INFO] Starting direct file download in chunks of 131072 at 0, stride 131072
2026-05-14 02:01:38,953 [INFO] Starting direct file download in chunks of 131072 at 0, stride 131072
2026-05-14 02:01:44,676 [INFO] Starting direct file download in chunks of 131072 at 0, stride 131072
2026-05-14 02:01:45,671 [INFO] Starting direct file download in chunks of 131072 at 0, stride 131072
2026-05-14 02:01:46,466 [INFO] Starting direct file download in chunks of 131072 at 0, stride 131072
2026-05-14 02:01:47,753 [INFO] Starting direct file download in chunks of 131072 at 0, stride 131072
2026-05-14 02:01:48,940 [INFO] Starting direct file download in chunks of 131072 at 0, stride 131072
2026-05-14 02:01:50,295 [INFO] Starting direct file download in chunks of 131072 at 0, stride 131072
2026-05-14 02:01:51,507 [INFO] Starting direct file download in chunks of 131072 at 0, stride 131072
2026-05-14 02:01:52,336 [INFO] Starting direct file download in chunks of 131072 at 0, stride 131072
2026-05-14 02:01:53,423 [INFO] Starting direct file download in chunks of 131072 at 0, stride 131072
2026-05-14 02:01:53,700 [INFO] Starting direct file download in chunks of 131072 at 0, stride 131072
2026-05-14 02:01:54,809 [INFO] Starting direct file download in chunks of 131072 at 0, stride 131072
2026-05-14 02:01:55,563 [INFO] Starting direct file download in chunks of 131072 at 0, stride 131072
2026-05-14 02:01:55,811 [INFO] Starting direct file download in chunks of 131072 at 0, stride 131072
2026-05-14 02:02:01,605 [INFO] Starting direct file download in chunks of 131072 at 0, stride 131072
2026-05-14 02:02:02,561 [INFO] Starting direct file download in chunks of 131072 at 0, stride 131072
2026-05-14 02:02:03,647 [INFO] Starting direct file download in chunks of 131072 at 0, stride 131072
2026-05-14 02:02:08,322 [INFO] Starting direct file download in chunks of 131072 at 0, stride 131072
2026-05-14 02:02:08,717 [INFO] Starting direct file download in chunks of 131072 at 0, stride 131072
2026-05-14 02:02:09,756 [INFO] Starting direct file download in chunks of 131072 at 0, stride 131072
2026-05-14 02:02:10,617 [INFO] Starting direct file download in chunks of 131072 at 0, stride 131072
2026-05-14 02:02:11,455 [INFO] Starting direct file download in chunks of 131072 at 0, stride 131072
2026-05-14 02:02:11,995 [INFO] Starting direct file download in chunks of 131072 at 0, stride 131072
2026-05-14 02:02:13,016 [INFO] Starting direct file download in chunks of 131072 at 0, stride 131072
2026-05-14 02:02:14,169 [INFO] Starting direct file download in chunks of 131072 at 0, stride 131072
2026-05-14 02:02:15,207 [INFO] Starting direct file download in chunks of 131072 at 0, stride 131072
2026-05-14 02:02:15,903 [INFO] Starting direct file download in chunks of 131072 at 0, stride 131072
2026-05-14 02:02:16,653 [INFO] Starting direct file download in chunks of 131072 at 0, stride 131072
2026-05-14 02:02:16,971 [INFO] Starting direct file download in chunks of 131072 at 0, stride 131072
2026-05-14 02:02:18,198 [INFO] Starting direct file download in chunks of 131072 at 0, stride 131072
2026-05-14 02:02:19,334 [INFO] Starting direct file download in chunks of 131072 at 0, stride 131072
2026-05-14 02:02:20,562 [INFO] Starting direct file download in chunks of 131072 at 0, stride 131072
2026-05-14 02:02:21,858 [INFO] Starting direct file download in chunks of 131072 at 0, stride 131072
2026-05-14 02:02:22,899 [INFO] Starting direct file download in chunks of 131072 at 0, stride 131072
2026-05-14 02:02:23,618 [INFO] Starting direct file download in chunks of 131072 at 0, stride 131072
2026-05-14 02:02:24,197 [INFO] Starting direct file download in chunks of 131072 at 0, stride 131072
2026-05-14 02:02:25,204 [INFO] Starting direct file download in chunks of 131072 at 0, stride 131072
2026-05-14 02:02:25,721 [INFO] Starting direct file download in chunks of 131072 at 0, stride 131072
2026-05-14 02:02:26,781 [INFO] Starting direct file download in chunks of 131072 at 0, stride 131072
2026-05-14 02:02:27,802 [INFO] Starting direct file download in chunks of 131072 at 0, stride 131072
2026-05-14 02:02:28,687 [INFO] Starting direct file download in chunks of 131072 at 0, stride 131072
2026-05-14 02:02:31,226 [INFO] Starting direct file download in chunks of 131072 at 0, stride 131072
2026-05-14 02:02:31,452 [INFO] Starting direct file download in chunks of 131072 at 0, stride 131072
2026-05-14 02:02:33,441 [INFO] Starting direct file download in chunks of 131072 at 0, stride 131072
2026-05-14 02:02:34,105 [INFO] Starting direct file download in chunks of 131072 at 0, stride 131072
2026-05-14 02:02:34,732 [INFO] Starting direct file download in chunks of 131072 at 0, stride 131072
2026-05-14 02:02:35,379 [INFO] Starting direct file download in chunks of 131072 at 0, stride 131072
2026-05-14 02:02:35,834 [INFO] Starting direct file download in chunks of 131072 at 0, stride 131072
2026-05-14 02:02:36,391 [INFO] Starting direct file download in chunks of 131072 at 0, stride 131072
2026-05-14 02:02:37,086 [INFO] Starting direct file download in chunks of 131072 at 0, stride 131072
2026-05-14 02:02:37,710 [INFO] Starting direct file download in chunks of 131072 at 0, stride 131072
2026-05-14 02:02:38,339 [INFO] Starting direct file download in chunks of 131072 at 0, stride 131072
2026-05-14 02:02:41,321 [INFO] Starting direct file download in chunks of 131072 at 0, stride 131072
2026-05-14 02:02:46,127 [INFO] Starting direct file download in chunks of 131072 at 0, stride 131072
2026-05-14 02:02:46,333 [INFO] Starting direct file download in chunks of 131072 at 0, stride 131072
2026-05-14 02:02:46,787 [INFO] Starting direct file download in chunks of 131072 at 0, stride 131072
2026-05-14 02:02:47,236 [INFO] Starting direct file download in chunks of 131072 at 0, stride 131072
2026-05-14 02:02:47,495 [INFO] Starting direct file download in chunks of 131072 at 0, stride 131072
2026-05-14 02:02:48,429 [INFO] Starting direct file download in chunks of 131072 at 0, stride 131072
2026-05-14 02:02:49,037 [INFO] Starting direct file download in chunks of 131072 at 0, stride 131072
2026-05-14 02:02:49,245 [INFO] Starting direct file download in chunks of 131072 at 0, stride 131072
2026-05-14 02:02:49,691 [INFO] Starting direct file download in chunks of 131072 at 0, stride 131072
2026-05-14 02:02:50,323 [INFO] Starting direct file download in chunks of 131072 at 0, stride 131072
2026-05-14 02:02:50,967 [INFO] Starting direct file download in chunks of 131072 at 0, stride 131072
2026-05-14 02:02:51,603 [INFO] Starting direct file download in chunks of 131072 at 0, stride 131072
2026-05-14 02:02:52,141 [INFO] Starting direct file download in chunks of 131072 at 0, stride 131072
2026-05-14 02:02:53,004 [INFO] Starting direct file download in chunks of 131072 at 0, stride 131072
2026-05-14 02:02:53,861 [INFO] Starting direct file download in chunks of 131072 at 0, stride 131072
2026-05-14 02:02:54,590 [INFO] Starting direct file download in chunks of 131072 at 0, stride 131072
2026-05-14 02:02:55,672 [INFO] Starting direct file download in chunks of 131072 at 0, stride 131072
2026-05-14 02:02:56,159 [INFO] Starting direct file download in chunks of 131072 at 0, stride 131072
2026-05-14 02:02:56,668 [INFO] Starting direct file download in chunks of 131072 at 0, stride 131072
2026-05-14 02:02:57,158 [INFO] Starting direct file download in chunks of 131072 at 0, stride 131072
2026-05-14 02:02:57,923 [INFO] Starting direct file download in chunks of 131072 at 0, stride 131072
2026-05-14 02:02:58,391 [INFO] Starting direct file download in chunks of 131072 at 0, stride 131072
2026-05-14 02:02:59,595 [INFO] Starting direct file download in chunks of 131072 at 0, stride 131072
2026-05-14 02:03:00,574 [INFO] Starting direct file download in chunks of 131072 at 0, stride 131072
2026-05-14 02:03:01,403 [INFO] Starting direct file download in chunks of 131072 at 0, stride 131072
2026-05-14 02:03:02,373 [INFO] Starting direct file download in chunks of 131072 at 0, stride 131072
2026-05-14 02:03:03,421 [INFO] Starting direct file download in chunks of 131072 at 0, stride 131072
2026-05-14 02:03:04,468 [INFO] Starting direct file download in chunks of 131072 at 0, stride 131072
2026-05-14 02:03:04,985 [INFO] Starting direct file download in chunks of 131072 at 0, stride 131072
2026-05-14 02:03:05,563 [INFO] Starting direct file download in chunks of 131072 at 0, stride 131072
2026-05-14 02:03:06,067 [INFO] Starting direct file download in chunks of 131072 at 0, stride 131072
2026-05-14 02:03:06,932 [INFO] Starting direct file download in chunks of 131072 at 0, stride 131072
2026-05-14 02:03:07,472 [INFO] Starting direct file download in chunks of 131072 at 0, stride 131072
2026-05-14 02:03:07,866 [INFO] Starting direct file download in chunks of 131072 at 0, stride 131072
2026-05-14 02:03:08,354 [INFO] Starting direct file download in chunks of 131072 at 0, stride 131072
2026-05-14 02:03:08,844 [INFO] Starting direct file download in chunks of 131072 at 0, stride 131072
2026-05-14 02:03:09,345 [INFO] Starting direct file download in chunks of 131072 at 0, stride 131072
2026-05-14 02:03:09,924 [INFO] Starting direct file download in chunks of 131072 at 0, stride 131072
2026-05-14 02:03:10,489 [INFO] Starting direct file download in chunks of 131072 at 0, stride 131072
2026-05-14 02:03:11,106 [INFO] Starting direct file download in chunks of 131072 at 0, stride 131072
2026-05-14 02:03:11,744 [INFO] Starting direct file download in chunks of 131072 at 0, stride 131072
2026-05-14 02:03:12,396 [INFO] Starting direct file download in chunks of 131072 at 0, stride 131072
2026-05-14 02:03:13,029 [INFO] Starting direct file download in chunks of 131072 at 0, stride 131072
2026-05-14 02:03:13,711 [INFO] Starting direct file download in chunks of 131072 at 0, stride 131072
2026-05-14 02:03:14,734 [INFO] Done: lobelia4cosmetics — 500 messages
2026-05-14 02:03:16,764 [INFO] Starting scrape: tikvahpharma
2026-05-14 02:03:17,661 [INFO] Starting direct file download in chunks of 131072 at 0, stride 131072
2026-05-14 02:03:18,161 [INFO] Starting direct file download in chunks of 131072 at 0, stride 131072
2026-05-14 02:03:18,567 [INFO] Starting direct file download in chunks of 131072 at 0, stride 131072
2026-05-14 02:03:20,114 [INFO] Starting direct file download in chunks of 131072 at 0, stride 131072
2026-05-14 02:03:21,446 [INFO] Starting direct file download in chunks of 131072 at 0, stride 131072
2026-05-14 02:03:22,538 [INFO] Starting direct file download in chunks of 131072 at 0, stride 131072
2026-05-14 02:03:22,927 [INFO] Starting direct file download in chunks of 131072 at 0, stride 131072
2026-05-14 02:03:23,254 [INFO] Starting direct file download in chunks of 131072 at 0, stride 131072
2026-05-14 02:03:23,712 [INFO] Starting direct file download in chunks of 131072 at 0, stride 131072
2026-05-14 02:03:25,062 [INFO] Starting direct file download in chunks of 131072 at 0, stride 131072
2026-05-14 02:03:26,503 [INFO] Starting direct file download in chunks of 131072 at 0, stride 131072
2026-05-14 02:03:26,913 [INFO] Starting direct file download in chunks of 131072 at 0, stride 131072
2026-05-14 02:03:27,314 [INFO] Starting direct file download in chunks of 131072 at 0, stride 131072
2026-05-14 02:03:27,968 [INFO] Starting direct file download in chunks of 131072 at 0, stride 131072
2026-05-14 02:03:28,793 [INFO] Starting direct file download in chunks of 131072 at 0, stride 131072
2026-05-14 02:03:29,429 [INFO] Starting direct file download in chunks of 131072 at 0, stride 131072
2026-05-14 02:03:31,044 [INFO] Starting direct file download in chunks of 131072 at 0, stride 131072
2026-05-14 02:03:32,427 [INFO] Starting direct file download in chunks of 131072 at 0, stride 131072
2026-05-14 02:03:33,913 [INFO] Starting direct file download in chunks of 131072 at 0, stride 131072
2026-05-14 02:03:35,252 [INFO] Starting direct file download in chunks of 131072 at 0, stride 131072
2026-05-14 02:03:36,637 [INFO] Starting direct file download in chunks of 131072 at 0, stride 131072
2026-05-14 02:03:37,428 [INFO] Starting direct file download in chunks of 131072 at 0, stride 131072
2026-05-14 02:03:39,052 [INFO] Starting direct file download in chunks of 131072 at 0, stride 131072
2026-05-14 02:03:41,088 [INFO] Starting direct file download in chunks of 131072 at 0, stride 131072
2026-05-14 02:03:42,694 [INFO] Starting direct file download in chunks of 131072 at 0, stride 131072
2026-05-14 02:03:44,281 [INFO] Starting direct file download in chunks of 131072 at 0, stride 131072
2026-05-14 02:03:44,997 [INFO] Starting direct file download in chunks of 131072 at 0, stride 131072
2026-05-14 02:03:45,274 [INFO] Starting direct file download in chunks of 131072 at 0, stride 131072
2026-05-14 02:03:45,720 [INFO] Starting direct file download in chunks of 131072 at 0, stride 131072
2026-05-14 02:03:46,051 [INFO] Starting direct file download in chunks of 131072 at 0, stride 131072
2026-05-14 02:03:46,639 [INFO] Starting direct file download in chunks of 131072 at 0, stride 131072
2026-05-14 02:03:47,264 [INFO] Starting direct file download in chunks of 131072 at 0, stride 131072
2026-05-14 02:03:47,851 [INFO] Starting direct file download in chunks of 131072 at 0, stride 131072
2026-05-14 02:03:48,724 [INFO] Starting direct file download in chunks of 131072 at 0, stride 131072
2026-05-14 02:03:49,909 [INFO] Starting direct file download in chunks of 131072 at 0, stride 131072
2026-05-14 02:03:51,058 [INFO] Starting direct file download in chunks of 131072 at 0, stride 131072
2026-05-14 02:03:51,779 [INFO] Starting direct file download in chunks of 131072 at 0, stride 131072
2026-05-14 02:03:52,106 [INFO] Starting direct file download in chunks of 131072 at 0, stride 131072
2026-05-14 02:03:52,394 [INFO] Starting direct file download in chunks of 131072 at 0, stride 131072
2026-05-14 02:03:52,801 [INFO] Starting direct file download in chunks of 131072 at 0, stride 131072
2026-05-14 02:03:53,048 [INFO] Starting direct file download in chunks of 131072 at 0, stride 131072
2026-05-14 02:03:53,238 [INFO] Starting direct file download in chunks of 131072 at 0, stride 131072
2026-05-14 02:03:54,185 [INFO] Starting direct file download in chunks of 131072 at 0, stride 131072
2026-05-14 02:03:54,412 [INFO] Starting direct file download in chunks of 131072 at 0, stride 131072
2026-05-14 02:03:54,615 [INFO] Starting direct file download in chunks of 131072 at 0, stride 131072
2026-05-14 02:03:54,969 [INFO] Starting direct file download in chunks of 131072 at 0, stride 131072
2026-05-14 02:03:55,738 [INFO] Starting direct file download in chunks of 131072 at 0, stride 131072
2026-05-14 02:03:56,120 [INFO] Starting direct file download in chunks of 131072 at 0, stride 131072
2026-05-14 02:03:56,333 [INFO] Starting direct file download in chunks of 131072 at 0, stride 131072
2026-05-14 02:03:56,736 [INFO] Starting direct file download in chunks of 131072 at 0, stride 131072
2026-05-14 02:03:57,077 [INFO] Starting direct file download in chunks of 131072 at 0, stride 131072
2026-05-14 02:03:57,348 [INFO] Starting direct file download in chunks of 131072 at 0, stride 131072
2026-05-14 02:03:57,557 [INFO] Starting direct file download in chunks of 131072 at 0, stride 131072
2026-05-14 02:03:58,366 [INFO] Starting direct file download in chunks of 131072 at 0, stride 131072
2026-05-14 02:03:58,748 [INFO] Starting direct file download in chunks of 131072 at 0, stride 131072
2026-05-14 02:03:59,359 [INFO] Starting direct file download in chunks of 131072 at 0, stride 131072
2026-05-14 02:03:59,733 [INFO] Starting direct file download in chunks of 131072 at 0, stride 131072
2026-05-14 02:04:00,019 [INFO] Starting direct file download in chunks of 131072 at 0, stride 131072
2026-05-14 02:04:00,481 [INFO] Starting direct file download in chunks of 131072 at 0, stride 131072
2026-05-14 02:04:01,287 [INFO] Starting direct file download in chunks of 131072 at 0, stride 131072
2026-05-14 02:04:01,892 [INFO] Starting direct file download in chunks of 131072 at 0, stride 131072
2026-05-14 02:04:02,266 [INFO] Starting direct file download in chunks of 131072 at 0, stride 131072
2026-05-14 02:04:02,467 [INFO] Starting direct file download in chunks of 131072 at 0, stride 131072
2026-05-14 02:04:02,739 [INFO] Starting direct file download in chunks of 131072 at 0, stride 131072
2026-05-14 02:04:03,525 [INFO] Starting direct file download in chunks of 131072 at 0, stride 131072
2026-05-14 02:04:03,749 [INFO] Starting direct file download in chunks of 131072 at 0, stride 131072
2026-05-14 02:04:04,001 [INFO] Starting direct file download in chunks of 131072 at 0, stride 131072
2026-05-14 02:04:05,375 [INFO] Starting direct file download in chunks of 131072 at 0, stride 131072
2026-05-14 02:04:05,642 [INFO] Starting direct file download in chunks of 131072 at 0, stride 131072
2026-05-14 02:04:05,842 [INFO] Starting direct file download in chunks of 131072 at 0, stride 131072
2026-05-14 02:04:06,085 [INFO] Starting direct file download in chunks of 131072 at 0, stride 131072
2026-05-14 02:04:07,667 [INFO] Starting direct file download in chunks of 131072 at 0, stride 131072
2026-05-14 02:04:08,623 [INFO] Starting direct file download in chunks of 131072 at 0, stride 131072
2026-05-14 02:04:09,529 [INFO] Starting direct file download in chunks of 131072 at 0, stride 131072
2026-05-14 02:04:09,959 [INFO] Starting direct file download in chunks of 131072 at 0, stride 131072
2026-05-14 02:04:11,478 [INFO] Starting direct file download in chunks of 131072 at 0, stride 131072
2026-05-14 02:04:12,855 [INFO] Starting direct file download in chunks of 131072 at 0, stride 131072
2026-05-14 02:04:14,151 [INFO] Starting direct file download in chunks of 131072 at 0, stride 131072
2026-05-14 02:04:15,468 [INFO] Starting direct file download in chunks of 131072 at 0, stride 131072
2026-05-14 02:04:16,898 [INFO] Starting direct file download in chunks of 131072 at 0, stride 131072
2026-05-14 02:04:17,698 [INFO] Starting direct file download in chunks of 131072 at 0, stride 131072
2026-05-14 02:04:19,264 [INFO] Starting direct file download in chunks of 131072 at 0, stride 131072
2026-05-14 02:04:21,284 [INFO] Starting direct file download in chunks of 131072 at 0, stride 131072
2026-05-14 02:04:22,974 [INFO] Starting direct file download in chunks of 131072 at 0, stride 131072
2026-05-14 02:04:24,542 [INFO] Starting direct file download in chunks of 131072 at 0, stride 131072
2026-05-14 02:04:25,849 [INFO] Starting direct file download in chunks of 131072 at 0, stride 131072
2026-05-14 02:04:26,633 [INFO] Starting direct file download in chunks of 131072 at 0, stride 131072
2026-05-14 02:04:28,241 [INFO] Starting direct file download in chunks of 131072 at 0, stride 131072
2026-05-14 02:04:28,724 [INFO] Starting direct file download in chunks of 131072 at 0, stride 131072
2026-05-14 02:04:29,352 [INFO] Starting direct file download in chunks of 131072 at 0, stride 131072
2026-05-14 02:04:30,513 [INFO] Starting direct file download in chunks of 131072 at 0, stride 131072
2026-05-14 02:04:32,270 [INFO] Starting direct file download in chunks of 131072 at 0, stride 131072
2026-05-14 02:04:32,870 [INFO] Starting direct file download in chunks of 131072 at 0, stride 131072
2026-05-14 02:04:33,111 [INFO] Starting direct file download in chunks of 131072 at 0, stride 131072
2026-05-14 02:04:33,545 [INFO] Starting direct file download in chunks of 131072 at 0, stride 131072
2026-05-14 02:04:35,105 [INFO] Starting direct file download in chunks of 131072 at 0, stride 131072
2026-05-14 02:04:35,414 [INFO] Starting direct file download in chunks of 131072 at 0, stride 131072
2026-05-14 02:04:36,684 [INFO] Starting direct file download in chunks of 131072 at 0, stride 131072
2026-05-14 02:04:37,538 [INFO] Starting direct file download in chunks of 131072 at 0, stride 131072
2026-05-14 02:04:38,268 [INFO] Starting direct file download in chunks of 131072 at 0, stride 131072
2026-05-14 02:04:39,494 [INFO] Starting direct file download in chunks of 131072 at 0, stride 131072
2026-05-14 02:04:41,085 [INFO] Starting direct file download in chunks of 131072 at 0, stride 131072
2026-05-14 02:04:42,379 [INFO] Starting direct file download in chunks of 131072 at 0, stride 131072
2026-05-14 02:04:43,173 [INFO] Starting direct file download in chunks of 131072 at 0, stride 131072
2026-05-14 02:04:44,636 [INFO] Starting direct file download in chunks of 131072 at 0, stride 131072
2026-05-14 02:04:45,777 [INFO] Starting direct file download in chunks of 131072 at 0, stride 131072
2026-05-14 02:04:46,970 [INFO] Starting direct file download in chunks of 131072 at 0, stride 131072
2026-05-14 02:04:48,573 [INFO] Starting direct file download in chunks of 131072 at 0, stride 131072
2026-05-14 02:04:50,176 [INFO] Starting direct file download in chunks of 131072 at 0, stride 131072
2026-05-14 02:04:51,029 [INFO] Starting direct file download in chunks of 131072 at 0, stride 131072
2026-05-14 02:04:51,536 [INFO] Starting direct file download in chunks of 131072 at 0, stride 131072
2026-05-14 02:04:53,719 [INFO] Starting direct file download in chunks of 131072 at 0, stride 131072
2026-05-14 02:04:54,004 [INFO] Starting direct file download in chunks of 131072 at 0, stride 131072
2026-05-14 02:04:54,767 [INFO] Starting direct file download in chunks of 131072 at 0, stride 131072
2026-05-14 02:04:55,676 [INFO] Starting direct file download in chunks of 131072 at 0, stride 131072
2026-05-14 02:04:56,086 [INFO] Starting direct file download in chunks of 131072 at 0, stride 131072
2026-05-14 02:04:56,391 [INFO] Starting direct file download in chunks of 131072 at 0, stride 131072
2026-05-14 02:04:57,074 [INFO] Starting direct file download in chunks of 131072 at 0, stride 131072
2026-05-14 02:04:57,971 [INFO] Starting direct file download in chunks of 131072 at 0, stride 131072
2026-05-14 02:04:58,667 [INFO] Starting direct file download in chunks of 131072 at 0, stride 131072
2026-05-14 02:04:59,439 [INFO] Starting direct file download in chunks of 131072 at 0, stride 131072
2026-05-14 02:05:00,168 [INFO] Starting direct file download in chunks of 131072 at 0, stride 131072
2026-05-14 02:05:00,585 [INFO] Starting direct file download in chunks of 131072 at 0, stride 131072
2026-05-14 02:05:01,398 [INFO] Starting direct file download in chunks of 131072 at 0, stride 131072
2026-05-14 02:05:02,076 [INFO] Starting direct file download in chunks of 131072 at 0, stride 131072
2026-05-14 02:05:02,757 [INFO] Starting direct file download in chunks of 131072 at 0, stride 131072
2026-05-14 02:05:04,201 [INFO] Starting direct file download in chunks of 131072 at 0, stride 131072
2026-05-14 02:05:05,634 [INFO] Starting direct file download in chunks of 131072 at 0, stride 131072
2026-05-14 02:05:06,429 [INFO] Starting direct file download in chunks of 131072 at 0, stride 131072
2026-05-14 02:05:06,945 [INFO] Starting direct file download in chunks of 131072 at 0, stride 131072
2026-05-14 02:05:07,768 [INFO] Starting direct file download in chunks of 131072 at 0, stride 131072
2026-05-14 02:05:08,241 [INFO] Starting direct file download in chunks of 131072 at 0, stride 131072
2026-05-14 02:05:09,834 [INFO] Starting direct file download in chunks of 131072 at 0, stride 131072
2026-05-14 02:05:10,497 [INFO] Starting direct file download in chunks of 131072 at 0, stride 131072
2026-05-14 02:05:11,388 [INFO] Starting direct file download in chunks of 131072 at 0, stride 131072
2026-05-14 02:05:11,744 [INFO] Starting direct file download in chunks of 131072 at 0, stride 131072
2026-05-14 02:05:13,015 [INFO] Starting direct file download in chunks of 131072 at 0, stride 131072
2026-05-14 02:05:14,576 [INFO] Starting direct file download in chunks of 131072 at 0, stride 131072
2026-05-14 02:05:15,218 [INFO] Starting direct file download in chunks of 131072 at 0, stride 131072
2026-05-14 02:05:15,915 [INFO] Starting direct file download in chunks of 131072 at 0, stride 131072
2026-05-14 02:05:16,293 [INFO] Starting direct file download in chunks of 131072 at 0, stride 131072
2026-05-14 02:05:16,980 [INFO] Starting direct file download in chunks of 131072 at 0, stride 131072
2026-05-14 02:05:17,749 [INFO] Starting direct file download in chunks of 131072 at 0, stride 131072
2026-05-14 02:05:18,711 [INFO] Starting direct file download in chunks of 131072 at 0, stride 131072
2026-05-14 02:05:19,916 [INFO] Starting direct file download in chunks of 131072 at 0, stride 131072
2026-05-14 02:05:21,163 [INFO] Starting direct file download in chunks of 131072 at 0, stride 131072
2026-05-14 02:05:22,078 [INFO] Starting direct file download in chunks of 131072 at 0, stride 131072
2026-05-14 02:05:23,515 [INFO] Starting direct file download in chunks of 131072 at 0, stride 131072
2026-05-14 02:05:24,962 [INFO] Starting direct file download in chunks of 131072 at 0, stride 131072
2026-05-14 02:05:26,158 [INFO] Starting direct file download in chunks of 131072 at 0, stride 131072
2026-05-14 02:05:27,459 [INFO] Starting direct file download in chunks of 131072 at 0, stride 131072
2026-05-14 02:05:29,334 [INFO] Starting direct file download in chunks of 131072 at 0, stride 131072
2026-05-14 02:05:30,101 [INFO] Starting direct file download in chunks of 131072 at 0, stride 131072
2026-05-14 02:05:30,614 [INFO] Starting direct file download in chunks of 131072 at 0, stride 131072
2026-05-14 02:05:31,455 [INFO] Starting direct file download in chunks of 131072 at 0, stride 131072
2026-05-14 02:05:32,579 [INFO] Starting direct file download in chunks of 131072 at 0, stride 131072
2026-05-14 02:05:33,723 [INFO] Starting direct file download in chunks of 131072 at 0, stride 131072
2026-05-14 02:05:34,539 [INFO] Starting direct file download in chunks of 131072 at 0, stride 131072
2026-05-14 02:05:36,014 [INFO] Starting direct file download in chunks of 131072 at 0, stride 131072
2026-05-14 02:05:37,583 [INFO] Starting direct file download in chunks of 131072 at 0, stride 131072
2026-05-14 02:05:39,665 [INFO] Starting direct file download in chunks of 131072 at 0, stride 131072
2026-05-14 02:05:40,997 [INFO] Starting direct file download in chunks of 131072 at 0, stride 131072
2026-05-14 02:05:42,563 [INFO] Starting direct file download in chunks of 131072 at 0, stride 131072
2026-05-14 02:05:43,333 [INFO] Starting direct file download in chunks of 131072 at 0, stride 131072
2026-05-14 02:05:44,759 [INFO] Starting direct file download in chunks of 131072 at 0, stride 131072
2026-05-14 02:05:45,238 [INFO] Starting direct file download in chunks of 131072 at 0, stride 131072
2026-05-14 02:05:46,059 [INFO] Starting direct file download in chunks of 131072 at 0, stride 131072
2026-05-14 02:05:46,527 [INFO] Starting direct file download in chunks of 131072 at 0, stride 131072
2026-05-14 02:05:47,963 [INFO] Starting direct file download in chunks of 131072 at 0, stride 131072
2026-05-14 02:05:48,471 [INFO] Starting direct file download in chunks of 131072 at 0, stride 131072
2026-05-14 02:05:49,216 [INFO] Starting direct file download in chunks of 131072 at 0, stride 131072
2026-05-14 02:05:49,890 [INFO] Starting direct file download in chunks of 131072 at 0, stride 131072
2026-05-14 02:05:50,467 [INFO] Starting direct file download in chunks of 131072 at 0, stride 131072
2026-05-14 02:05:50,809 [INFO] Starting direct file download in chunks of 131072 at 0, stride 131072
2026-05-14 02:05:52,196 [INFO] Starting direct file download in chunks of 131072 at 0, stride 131072
2026-05-14 02:05:52,504 [INFO] Starting direct file download in chunks of 131072 at 0, stride 131072
2026-05-14 02:05:53,191 [INFO] Starting direct file download in chunks of 131072 at 0, stride 131072
2026-05-14 02:05:54,057 [INFO] Starting direct file download in chunks of 131072 at 0, stride 131072
2026-05-14 02:05:55,286 [INFO] Starting direct file download in chunks of 131072 at 0, stride 131072
2026-05-14 02:05:55,632 [INFO] Starting direct file download in chunks of 131072 at 0, stride 131072
2026-05-14 02:05:56,087 [INFO] Starting direct file download in chunks of 131072 at 0, stride 131072
2026-05-14 02:05:57,617 [INFO] Starting direct file download in chunks of 131072 at 0, stride 131072
2026-05-14 02:05:57,863 [INFO] Done: tikvahpharma — 500 messages
2026-05-14 02:05:59,911 [INFO] Starting scrape: DawaClinicalPharmacy
2026-05-14 02:06:00,038 [ERROR] Error scraping DawaClinicalPharmacy: No user has "dawaclinicalpharmacy" as username
2026-05-14 02:06:02,045 [INFO] Starting scrape: EthioMedPharmacy
2026-05-14 02:06:02,169 [ERROR] Error scraping EthioMedPharmacy: No user has "ethiomedpharmacy" as username
2026-05-14 02:06:04,172 [INFO] Disconnecting from 149.154.167.92:443/TcpFull...
2026-05-14 02:06:04,174 [INFO] Disconnection from 149.154.167.92:443/TcpFull complete!
2026-05-14 02:06:04,186 [INFO] Scrape finished
